// Jest Snapshot v1, https://goo.gl/fbAQLP

exports[`Chip match snapshot 1`] = `
<View
  style={
    {
      "backgroundColor": "#000000",
      "borderRadius": 4,
      "paddingHorizontal": 4,
      "paddingVertical": 2,
    }
  }
>
  <Text
    style={
      [
        {
          "color": "#000000",
        },
        {
          "fontSize": 14,
          "fontWeight": "400",
          "textAlign": "left",
        },
        {
          "color": "#FFFFFF",
        },
      ]
    }
  >
    Hello
  </Text>
</View>
`;
